Microsoft (R) Macro Assembler Version 5.00                  4/9/21 11:49:19
                                                             Page     1-1


       1 0000				code    SEGMENT 
       2				        ASSUME  CS:code 
       3 0000  B3 00			main:   MOV     BL,0 
       4 0002  B9 000A			lab1:   MOV     CX,10 
       5 0005  B2 30			        MOV     DL,'0' 
       6 0007  02 D3			        ADD     DL,BL 
       7 0009  B4 02			lab2:   MOV     AH,2 
       8 000B  CD 21			        INT     21H 
       9 000D  80 C2 01			        ADD     DL,1 
      10 0010  80 FA 39			        CMP     DL,'9' 
      11 0013  76 02			        JBE     lab3 
      12 0015  B2 30			        MOV     DL,'0' 
      13 0017  E2 F0			lab3:   LOOP    lab2 
      14 0019  B2 0D			        MOV     DL,13 
      15 001B  CD 21			        INT     21H 
      16 001D  B2 0A			        MOV     DL,10 
      17 001F  CD 21			        INT     21H 
      18 0021  80 C3 01			        ADD     BL,1 
      19 0024  80 FB 0A			        CMP     BL,10 
      20 0027  72 D9			        JB      lab1 
      21 0029  B8 4C00			        MOV     AX,4C00H 
      22 002C  CD 21			        INT     21H 
      23 002E				code    ENDS 
      24				        END     main 
Microsoft (R) Macro Assembler Version 5.00                  4/9/21 11:49:19
                                                             Symbols-1


Segments and Groups:

                N a m e         	Length	 Align	Combine Class

CODE . . . . . . . . . . . . . .  	002E	PARA	NONE	

Symbols:            

                N a m e         	Type	 Value	 Attr

LAB1 . . . . . . . . . . . . . .  	L NEAR	0002	CODE
LAB2 . . . . . . . . . . . . . .  	L NEAR	0009	CODE
LAB3 . . . . . . . . . . . . . .  	L NEAR	0017	CODE

MAIN . . . . . . . . . . . . . .  	L NEAR	0000	CODE

@FILENAME  . . . . . . . . . . .  	TEXT  E3_7		


     24 Source  Lines
     24 Total   Lines
      7 Symbols

  50676 + 465868 Bytes symbol space free

      0 Warning Errors
      0 Severe  Errors
